[safeonline.global/index.html]
[backblue.gif]
[fade.gif]
[index.html]
[safeonline.global/index-2.html]
[safeonline.global/index-3.html]
[use.typekit.net/css/uqe1naa.css]
[safeonline.global/css/iconsdbc2.css]
[safeonline.global/css/globalb2c9.css]
[safeonline.global/css/bdt-uikite7ad.css]
[safeonline.global/css/ep-helper4245.css]
[safeonline.global/css/header-footer-elementordbc2.css]
[safeonline.global/css/frontend-lite.min6e54.css]
[safeonline.global/css/swiper.min94a4.css]
[safeonline.global/css/post-6f5e0.css]
[safeonline.global/css/frontend-lite.mince54.css]
[safeonline.global/css/post-1675165b.css]
[safeonline.global/css/frontenddbc2.css]
[safeonline.global/css/font-libre-franklin6a62.css]
[safeonline.global/css/style3b40.css]
[safeonline.global/css/blocks1cd1.css]
[safeonline.global/css/frontend.min6e54.css]
[safeonline.global/css/post-448861b7.css]
[safeonline.global/css/post-3890f5e0.css]
[safeonline.global/css/post-3868f5e0.css]
[safeonline.global/css/post-2387f5e0.css]
[safeonline.global/css/post-2158f5e0.css]
[safeonline.global/css/font-awesome.min1849.css]
[safeonline.global/js/jquery.minf43b.js]
[safeonline.global/js/jquery-migrate.min5589.js]
[safeonline.global/index-4.html]
[safeonline.global/json/1675.json]
[safeonline.global/php/xmlrpc0db0.php]
[safeonline.global/json/embedb37b.json]
[safeonline.global/other/embeddfaf]
[safeonline.global/png/cropped-favicon-32x32.png]
[safeonline.global/png/cropped-favicon-192x192.png]
[safeonline.global/png/cropped-favicon-180x180.png]
[safeonline.global/png/asset-2-e1697189969525-1024x387.png]
[safeonline.global/css/widget-nav-menu.min.css]
[safeonline.global/css/widget-theme-elements.min.css]
[safeonline.global/css/widget-animated-headline.min.css]
[safeonline.global/png/asset-11-1.png]
[safeonline.global/png/image-half-circle-trial@4x.png]
[safeonline.global/index-5.html]
[safeonline.global/index-6.html]
[safeonline.global/index-7.html]
[safeonline.global/png/asset-8.png]
[safeonline.global/png/asset-9.png]
[safeonline.global/index-8.html]
[safeonline.global/index-9.html]
[safeonline.global/png/asset-10.png]
[safeonline.global/png/networks-and-systems-icon-grey.png]
[safeonline.global/index-10.html]
[safeonline.global/index-11.html]
[safeonline.global/index-12.html]
[safeonline.global/index-13.html]
[safeonline.global/png/research-and-data-icon-white.png]
[safeonline.global/index-14.html]
[safeonline.global/index-15.html]
[safeonline.global/index-16.html]
[safeonline.global/png/technology-tools-icon-grey.png]
[safeonline.global/index-17.html]
[safeonline.global/png/asset-1-1024x1022.png]
[safeonline.global/css/widget-posts.min.css]
[safeonline.global/index-18.html]
[safeonline.global/index-20.html]
[safeonline.global/jpg/marija-blog-1024x560.jpg]
[safeonline.global/jpg/blog-card-1-1024x640.jpg]
[safeonline.global/index-21.html]
[safeonline.global/index-19.html]
[safeonline.global/jpg/whatsapp-image-2024-11-07-at-8.15.05-am-1024x683.jpg]
[safeonline.global/index-22.html]
[safeonline.global/png/end-violence-against-children-white-logo.png]
[safeonline.global/index-23.html]
[safeonline.global/index-24.html]
[safeonline.global/css/widget-icon-list.min.css]
[safeonline.global/index-25.html]
[safeonline.global/png/asset-8-e1697190183921-1024x365.png]
[safeonline.global/index-26.html]
[safeonline.global/index-27.html]
[safeonline.global/index-28.html]
[safeonline.global/css/post-2150fbd8.css]
[safeonline.global/index-30.html]
[safeonline.global/css/animations.min6e54.css]
[safeonline.global/js/waypoints.min05da.js]
[safeonline.global/js/frontenddbc2.js]
[safeonline.global/index-29.html]
[safeonline.global/index-31.html]
[safeonline.global/js/globalb10e.js]
[safeonline.global/js/navigation2f4e.js]
[safeonline.global/js/jquery.scrollto4c71.js]
[safeonline.global/index-32.html]
[safeonline.global/js/themo-footdbc2.js]
[safeonline.global/index-33.html]
[safeonline.global/js/jquery.smartmenus.min1576.js]
[safeonline.global/js/imagesloaded.minbb93.js]
[safeonline.global/js/jquery-numerator.min3958.js]
[safeonline.global/index-34.html]
[safeonline.global/index-35.html]
[safeonline.global/js/bdt-uikit.mine7ad.js]
[safeonline.global/index-36.html]
[safeonline.global/js/webpack.runtime.min6e54.js]
[safeonline.global/index-37.html]
[safeonline.global/js/frontend-modules.min6e54.js]
[safeonline.global/js/core.minb37e.js]
[safeonline.global/js/frontend.min6e54.js]
[safeonline.global/js/ep-wrapper-link.min4245.js]
[safeonline.global/js/helper.min4245.js]
[safeonline.global/js/webpack-pro.runtime.mince54.js]
[safeonline.global/js/hooks.min4fdd.js]
[safeonline.global/js/i18n.minc33c.js]
[safeonline.global/js/frontend.mince54.js]
[safeonline.global/js/elements-handlers.mince54.js]
[safeonline.global/js/jquery.sticky.mince54.js]
[safeonline.global/index.html]
[use.typekit.net/css/uqe1naa.css]
[safeonline.global/css/iconsdbc2.css]
[safeonline.global/css/globalb2c9.css]
[safeonline.global/css/bdt-uikite7ad.css]
[safeonline.global/css/ep-helper4245.css]
[safeonline.global/css/header-footer-elementordbc2.css]
[safeonline.global/css/frontend-lite.min6e54.css]
[safeonline.global/css/swiper.min94a4.css]
[safeonline.global/css/post-6f5e0.css]
[safeonline.global/css/frontend-lite.mince54.css]
[safeonline.global/css/post-1675165b.css]
[safeonline.global/css/frontenddbc2.css]
[safeonline.global/css/font-libre-franklin6a62.css]
[safeonline.global/css/style3b40.css]
[safeonline.global/css/blocks1cd1.css]
[safeonline.global/css/frontend.min6e54.css]
[safeonline.global/css/post-448861b7.css]
[safeonline.global/css/post-3890f5e0.css]
[safeonline.global/css/post-3868f5e0.css]
[safeonline.global/css/post-2387f5e0.css]
[safeonline.global/css/post-2158f5e0.css]
[safeonline.global/css/font-awesome.min1849.css]
[safeonline.global/js/jquery.minf43b.js]
[safeonline.global/js/jquery-migrate.min5589.js]
[safeonline.global/xmlrpc0db0.html]
[safeonline.global/css/widget-nav-menu.min.css]
[safeonline.global/index-5.html]
[safeonline.global/index-6.html]
[safeonline.global/index-7.html]
[safeonline.global/index-8.html]
[safeonline.global/index-9.html]
[safeonline.global/index-10.html]
[safeonline.global/index-11.html]
[safeonline.global/index-12.html]
[safeonline.global/index-13.html]
[safeonline.global/index-14.html]
[safeonline.global/index-15.html]
[safeonline.global/index-16.html]
[safeonline.global/index-17.html]
[safeonline.global/index-18.html]
[safeonline.global/index-19.html]
[safeonline.global/index-20.html]
[safeonline.global/index-21.html]
[safeonline.global/index-22.html]
[safeonline.global/index-23.html]
[safeonline.global/index-24.html]
[safeonline.global/index-25.html]
[safeonline.global/index-26.html]
[safeonline.global/css/widget-theme-elements.min.css]
[safeonline.global/index-27.html]
[safeonline.global/css/widget-animated-headline.min.css]
[safeonline.global/index-28.html]
[safeonline.global/index-29.html]
[safeonline.global/css/widget-posts.min.css]
[safeonline.global/index-30.html]
[safeonline.global/index-31.html]
[safeonline.global/index-32.html]
[safeonline.global/index-33.html]
[safeonline.global/index-34.html]
[safeonline.global/index-35.html]
[safeonline.global/index-36.html]
[safeonline.global/index-37.html]
[safeonline.global/css/widget-icon-list.min.css]
[safeonline.global/index-38.html]
[safeonline.global/css/post-2150fbd8.css]
[safeonline.global/css/animations.min6e54.css]
[safeonline.global/js/waypoints.min05da.js]
[safeonline.global/js/frontenddbc2.js]
[safeonline.global/js/globalb10e.js]
[safeonline.global/js/navigation2f4e.js]
[safeonline.global/js/jquery.scrollto4c71.js]
[safeonline.global/js/themo-footdbc2.js]
[safeonline.global/js/jquery.smartmenus.min1576.js]
[safeonline.global/js/imagesloaded.minbb93.js]
[safeonline.global/js/jquery-numerator.min3958.js]
[safeonline.global/js/bdt-uikit.mine7ad.js]
[safeonline.global/js/webpack.runtime.min6e54.js]
[safeonline.global/js/frontend-modules.min6e54.js]
[safeonline.global/js/core.minb37e.js]
[safeonline.global/js/frontend.min6e54.js]
[safeonline.global/js/ep-wrapper-link.min4245.js]
[safeonline.global/js/helper.min4245.js]
[safeonline.global/js/webpack-pro.runtime.mince54.js]
[safeonline.global/js/hooks.min4fdd.js]
[safeonline.global/js/i18n.minc33c.js]
[safeonline.global/js/frontend.mince54.js]
[safeonline.global/js/elements-handlers.mince54.js]
[safeonline.global/js/jquery.sticky.mince54.js]
